// Jest Snapshot v1, https://goo.gl/fbAQLP

exports[`TaskView 1`] = `
<div
  className="ml-64 flex flex-row bg-yellow-50 opacity-90"
>
  <div
    className="flex flex-col flex-1 h-screen overflow-y-auto"
  >
    <div
      className="py-6"
    >
      <div
        className="max-w-7xl mx-auto px-8 flex justify-between items-center"
      >
        <h1
          className="text-2xl font-semibold text-gray-900"
        >
          
        </h1>
        <div />
      </div>
      <div
        className="mx-auto"
      >
        <div
          className="py-4"
        />
        <div>
          <div
            className="max-w-7xl mt-4 mx-auto px-8 flex items-center"
          />
        </div>
      </div>
    </div>
  </div>
  <div
    className="flex flex-col flex-1 w-64 border-l h-screen justify-center overflow-y-hidden"
  >
    <div
      className="flex justify-center"
    >
      Task Notes will appear here
    </div>
  </div>
</div>
`;
